#,,,,,,,,"generated_by='OpenQuake engine 3.23.0-gita1fe9a71d1', start_date='2025-02-10T05:36:25', checksum=3613274803, kind='mean', investigation_time=1.0"
custom_site_id,lon,lat,0.000400~PGA,0.000400~SA(0.1),0.000400~SA(0.3),0.002000~PGA,0.002000~SA(0.1),0.002000~SA(0.3)
9qbbff70,-122.57000,38.11300,2.519556E-01,4.417355E-01,5.407778E-01,1.129810E-01,2.081756E-01,2.309308E-01
9qc0v4r2,-122.11400,38.11300,8.006948E-01,1.442183E+00,1.795823E+00,4.015247E-01,7.961586E-01,8.100991E-01
9q9pxv63,-122.00000,37.91000,8.268082E-01,1.432509E+00,1.881772E+00,3.704246E-01,6.916881E-01,7.645391E-01
9qc0pvdq,-122.00000,38.00000,1.086283E+00,2.217701E+00,2.346991E+00,6.291229E-01,1.304484E+00,1.203459E+00
9qc0zf62,-122.00000,38.11300,1.270834E+00,2.767154E+00,2.596687E+00,8.127510E-01,1.765707E+00,1.461465E+00
9qc1rydk,-122.00000,38.22500,8.616914E-01,1.864620E+00,1.729591E+00,5.136340E-01,1.104620E+00,9.471908E-01
9qc2f6m2,-121.88600,38.11300,8.939947E-01,1.565423E+00,2.076639E+00,4.269013E-01,8.286319E-01,8.837430E-01
